33 19 2
A_ground
A_ground
A_ground
A_ground
A_ground
A_ground
A_ground
A_ground
A_ground
A_ground
A_ground
A_ground
A_ground
A_ground
A_ground
A_ground
A_ground
A_ground
A_ground
A_ground
A_ground
A_ground
A_ground
A_ground
A_ground
A_ground
A_ground
A_ground
A_ground
A_ground
A_ground
A_ground
A_ground
A_ground
A_ground
A_ground
A_ground
A_ground
A_ground
A_ground
A_ground
A_ground
A_ground
A_ground
A_ground
A_ground
A_ground
A_ground
A_ground
A_ground
A_ground
A_ground
A_ground
A_ground
A_ground
A_ground
A_ground
A_ground
A_ground
A_ground
A_ground
A_ground
A_ground
A_ground
A_ground
A_ground
A_ground
A_ground
A_ground
A_ground
A_ground B_wall
A_ground B_wall
A_ground
A_ground
A_ground
A_ground
A_ground
A_ground
A_ground
A_ground
A_ground
A_ground
A_ground
A_ground
A_ground
A_ground
A_ground
A_ground
A_ground
A_ground
A_ground
A_ground
A_ground
A_ground
A_ground
A_ground
A_ground B_wall
A_ground
A_ground
A_ground
A_ground
A_ground
A_ground
A_ground
A_ground B_wall
A_ground
A_ground
A_ground
A_ground
A_ground
A_ground
A_ground
A_ground
A_ground
A_ground
A_ground
A_ground
A_ground
A_ground
A_ground
A_ground
A_ground
A_ground
A_ground
A_ground
A_ground
A_ground
A_ground
A_ground
A_ground
A_ground
A_ground
A_ground
A_ground
A_ground
A_ground
A_ground
A_ground B_wall
A_ground B_wall
A_ground B_wall
A_ground B_wall
A_ground B_wall
A_ground
A_ground
A_ground
A_ground
A_ground
A_ground
A_ground
A_ground
A_ground
A_ground
A_ground
A_ground
A_ground
A_ground B_wall
A_ground B_wall
A_ground B_wall
A_ground B_wall
A_ground B_wall
A_ground B_wall
A_ground
A_ground
A_ground
A_ground
A_ground
A_ground
A_ground
A_ground
A_ground
A_ground
A_ground
A_ground B_wall
A_ground
A_ground
A_ground
A_ground
A_ground
A_ground
A_ground
A_ground
A_ground
A_ground
A_ground
A_ground
A_ground
A_ground
A_ground
A_ground
A_ground
A_ground
A_ground B_wall
A_ground
A_ground
A_ground
A_ground
A_ground
A_ground
A_ground
A_ground
A_ground
A_ground
A_ground
A_ground
A_ground
A_ground B_wall
A_ground
A_ground
A_ground
A_ground
A_ground
A_ground
A_ground
A_ground
A_ground
A_ground
A_ground
A_ground
A_ground B_wall
A_ground B_wall
A_ground
A_ground
A_ground
A_ground
A_ground B_wall
A_ground
A_ground
A_ground
A_ground
A_ground
A_ground
A_ground
A_ground
A_ground
A_ground
A_ground
A_ground
A_ground
A_ground B_wall
A_ground
A_ground
A_ground
A_ground
A_ground
A_ground
A_ground
A_ground
A_ground
A_ground
A_ground
A_ground
A_ground
A_ground B_wall
A_ground
A_ground
A_ground
A_ground
A_ground B_wall
A_ground
A_ground
A_ground
A_ground
A_ground
A_ground
A_ground
A_ground
A_ground
A_ground
A_ground
A_ground
A_ground
A_ground
A_ground
A_ground
A_ground
A_ground
A_ground
A_ground
A_ground
A_ground
A_ground
A_ground
A_ground
A_ground
A_ground
A_ground
A_ground
A_ground
A_ground
A_ground
A_ground
A_ground
A_ground
A_ground
A_ground
A_ground
A_ground
A_ground
A_ground
A_ground
A_ground
A_ground
A_ground
A_ground
A_ground
A_ground
A_ground
A_ground
A_ground
A_ground
A_ground
A_ground
A_ground
A_ground
A_ground
A_ground
A_ground
A_ground
A_ground
A_ground
A_ground
A_ground
A_ground
A_ground B_wall
A_ground
A_ground
A_ground
A_ground
A_ground
A_ground
A_ground
A_ground
A_ground
A_ground
A_ground
A_ground
A_ground
A_ground
A_ground
A_ground
A_ground
A_ground
A_ground
A_ground
A_ground
A_ground
A_ground
A_ground
A_ground
A_ground
A_ground
A_ground
A_ground
A_ground
A_ground
A_ground
A_ground B_wall
A_ground
A_ground
A_ground B_wall
A_ground B_wall
A_ground
A_ground
A_ground
A_ground B_wall
A_ground B_wall
A_ground B_wall
A_ground B_wall
A_ground B_wall
A_ground B_wall
A_ground
A_ground B_wall
A_ground B_wall
A_ground B_wall
A_ground B_wall
A_ground
A_ground
A_ground
A_ground
A_ground
A_ground
A_ground
A_ground
A_ground
A_ground
A_ground
A_ground
A_ground
A_ground
A_ground
A_ground
A_ground
A_ground B_wall
A_ground
A_ground
A_ground
A_ground
A_ground
A_ground
A_ground
A_ground
A_ground
A_ground
A_ground C_alien
A_ground
A_ground
A_ground
A_ground
A_ground
A_ground
A_ground
A_ground
A_ground
A_ground
A_ground
A_ground
A_ground
A_ground
A_ground
A_ground
A_ground B_wall
A_ground
A_ground
A_ground
A_ground
A_ground
A_ground
A_ground
A_ground
A_ground
A_ground
A_ground
A_ground
A_ground
A_ground
A_ground
A_ground
A_ground
A_ground
A_ground
A_ground
A_ground
A_ground
A_ground
A_ground
A_ground
A_ground
A_ground
A_ground
A_ground
A_ground
A_ground
A_ground
A_ground B_wall
A_ground B_wall
A_ground B_wall
A_ground B_wall
A_ground
A_ground
A_ground
A_ground
A_ground
A_ground
A_ground
A_ground B_wall
A_ground B_wall
A_ground
A_ground
A_ground
A_ground
A_ground
A_ground
A_ground
A_ground
A_ground
A_ground
A_ground
A_ground
A_ground
A_ground
A_ground
A_ground
A_ground
A_ground
A_ground
A_ground
A_ground
A_ground B_wall
A_ground
A_ground
A_ground
A_ground
A_ground
A_ground
A_ground
A_ground
A_ground
A_ground
A_ground B_wall
A_ground
A_ground
A_ground
A_ground
A_ground
A_ground
A_ground
A_ground
A_ground
A_ground
A_ground
A_ground
A_ground
A_ground
A_ground
A_ground
A_ground
A_ground
A_ground
A_ground
A_ground
A_ground B_wall
A_ground
A_ground
A_ground
A_ground
A_ground
A_ground
A_ground
A_ground
A_ground
A_ground
A_ground B_wall
A_ground
A_ground
A_ground
A_ground
A_ground
A_ground
A_ground
A_ground
A_ground
A_ground
A_ground
A_ground
A_ground
A_ground
A_ground
A_ground
A_ground
A_ground
A_ground
A_ground
A_ground
A_ground
A_ground
A_ground
A_ground
A_ground
A_ground
A_ground
A_ground
A_ground
A_ground
A_ground
A_ground
A_ground
A_ground
A_ground B_wall
A_ground B_wall
A_ground B_wall
A_ground B_wall
A_ground
A_ground
A_ground
A_ground
A_ground B_wall
A_ground
A_ground
A_ground
A_ground
A_ground
A_ground
A_ground B_wall
A_ground B_wall
A_ground
A_ground
A_ground
A_ground
A_ground
A_ground
A_ground
A_ground
A_ground
A_ground
A_ground
A_ground
A_ground
A_ground
A_ground
A_ground
A_ground
A_ground
A_ground
A_ground
A_ground
A_ground
A_ground
A_ground
A_ground
A_ground
A_ground
A_ground
A_ground
A_ground
A_ground
A_ground
A_ground
A_ground
A_ground
A_ground
A_ground
A_ground
A_ground
A_ground
A_ground
A_ground
A_ground
